// Jest Snapshot v1, https://goo.gl/fbAQLP

exports[`LandingCard matches snapshot 1`] = `
<div
  className="MuiGrid-container-1"
>
  <div
    className="MuiGrid-item-2 MuiGrid-grid-xs-6-35"
  >
    <div>
      Entaxy
      <div>
        Order from chaos
      </div>
    </div>
    <div>
      Your Personal Finance Simple & Private
      <div>
        Insights into your finances, without sacrificing your data
      </div>
    </div>
    <LandingCard />
    <div>
      <p
        className="MuiTypography-root-98 MuiTypography-body2-106"
      >
        Entaxy is free and you get to keep your data.
      </p>
      <p
        className="MuiTypography-root-98 MuiTypography-body2-106"
      >
        That's right, we don't store your data in a big database so we don't need to convince you to trust us.
      </p>
    </div>
  </div>
  <div
    className="MuiGrid-item-2 MuiGrid-grid-xs-6-35"
  />
</div>
`;
