// Jest Snapshot v1, https://goo.gl/fbAQLP

exports[`LandingCard matches snapshot 1`] = `
<div
  className="MuiGrid-container-9 Landing-root-1"
>
  <div
    className="MuiGrid-item-10 MuiGrid-grid-xs-6-43 Landing-left-2"
  >
    <div
      className="Landing-logo-3"
    >
      Entaxy
      <div
        className="Landing-tagline-4"
      >
        Order from chaos
      </div>
    </div>
    <div
      className="Landing-title-5"
    >
      Your Personal Finance Simple & Private
      <div
        className="Landing-description-6"
      >
        Insights into your finances, without sacrificing your data
      </div>
    </div>
    <div
      className="MuiGrid-container-9 Landing-cards-7"
    >
      <div
        className="MuiPaper-root-109 MuiPaper-elevation1-112 MuiPaper-rounded-110 MuiCard-root-108 LandingCard-card-106"
      >
        <div
          className="MuiCardHeader-root-136"
        >
          <div
            className="MuiCardHeader-content-139"
          >
            <span
              className="MuiTypography-root-142 MuiTypography-headline-147 MuiCardHeader-title-140"
            >
              Income Taxes
            </span>
            <span
              className="MuiTypography-root-142 MuiTypography-body1-151 MuiTypography-colorTextSecondary-175 MuiCardHeader-subheader-141"
            >
              At some point you will wonder how they work
            </span>
          </div>
          <div
            className="MuiCardHeader-action-138"
          >
            <a
              className="MuiButtonBase-root-183 MuiIconButton-root-177 MuiIconButton-colorSecondary-180 LandingCard-cardButton-107"
              href="/taxes"
              onBlur={[Function]}
              onClick={[Function]}
              onFocus={[Function]}
              onKeyDown={[Function]}
              onKeyUp={[Function]}
              onMouseDown={[Function]}
              onMouseLeave={[Function]}
              onMouseUp={[Function]}
              onTouchEnd={[Function]}
              onTouchMove={[Function]}
              onTouchStart={[Function]}
              role="button"
              tabIndex="0"
              variant="fab"
            >
              <span
                className="MuiIconButton-label-182"
              >
                <svg
                  aria-hidden="true"
                  className="MuiSvgIcon-root-186"
                  color={undefined}
                  focusable="false"
                  role="presentation"
                  viewBox="0 0 24 24"
                >
                  <path
                    d="M0 0h24v24H0z"
                    fill="none"
                  />
                  <path
                    d="M12 4l-1.41 1.41L16.17 11H4v2h12.17l-5.58 5.59L12 20l8-8z"
                  />
                </svg>
              </span>
              <span
                className="MuiTouchRipple-root-195"
              />
            </a>
          </div>
        </div>
      </div>
      <div
        className="MuiPaper-root-109 MuiPaper-elevation1-112 MuiPaper-rounded-110 MuiCard-root-108 LandingCard-card-106"
      >
        <div
          className="MuiCardHeader-root-136"
        >
          <div
            className="MuiCardHeader-content-139"
          >
            <span
              className="MuiTypography-root-142 MuiTypography-headline-147 MuiCardHeader-title-140"
            >
              Portfolio
            </span>
            <span
              className="MuiTypography-root-142 MuiTypography-body1-151 MuiTypography-colorTextSecondary-175 MuiCardHeader-subheader-141"
            >
              ETFs, Crypto, etc
            </span>
          </div>
          <div
            className="MuiCardHeader-action-138"
          >
            <a
              className="MuiButtonBase-root-183 MuiIconButton-root-177 MuiIconButton-colorSecondary-180 LandingCard-cardButton-107"
              href="/portfolio"
              onBlur={[Function]}
              onClick={[Function]}
              onFocus={[Function]}
              onKeyDown={[Function]}
              onKeyUp={[Function]}
              onMouseDown={[Function]}
              onMouseLeave={[Function]}
              onMouseUp={[Function]}
              onTouchEnd={[Function]}
              onTouchMove={[Function]}
              onTouchStart={[Function]}
              role="button"
              tabIndex="0"
              variant="fab"
            >
              <span
                className="MuiIconButton-label-182"
              >
                <svg
                  aria-hidden="true"
                  className="MuiSvgIcon-root-186"
                  color={undefined}
                  focusable="false"
                  role="presentation"
                  viewBox="0 0 24 24"
                >
                  <path
                    d="M0 0h24v24H0z"
                    fill="none"
                  />
                  <path
                    d="M12 4l-1.41 1.41L16.17 11H4v2h12.17l-5.58 5.59L12 20l8-8z"
                  />
                </svg>
              </span>
              <span
                className="MuiTouchRipple-root-195"
              />
            </a>
          </div>
        </div>
      </div>
    </div>
  </div>
  <div
    className="MuiGrid-item-10 MuiGrid-grid-xs-6-43 Landing-right-8"
  />
</div>
`;
