// Jest Snapshot v1, https://goo.gl/fbAQLP

exports[`LandingCard matches snapshot 1`] = `
<div
  className="MuiGrid-container-1"
>
  <h5
    className="MuiTypography-root-98 MuiTypography-h5-114 MuiTypography-colorSecondary-129"
  >
    Where do you want to store your data?
  </h5>
  <div
    className="MuiGrid-item-2 MuiGrid-grid-xs-6-35"
  >
    <div
      className="MuiPaper-root-134 MuiPaper-elevation1-137 MuiPaper-rounded-135"
    >
      <h6
        className="MuiTypography-root-98 MuiTypography-subtitle2-117"
      >
        Anywhere with blockstack
      </h6>
      <span
        className="MuiTypography-root-98 MuiTypography-caption-108"
      >
        Keep your data encrypted and decentralized. Learn more about  
        <a
          href="https://blockstack.org/what-is-blockstack"
          rel="noopener noreferrer"
          target="_blank"
        >
          Blockstack
        </a>
      </span>
      <button
        className="MuiButtonBase-root-187 MuiButton-root-161 MuiButton-contained-172 MuiButton-containedSecondary-174 MuiButton-raised-175 MuiButton-raisedSecondary-177"
        disabled={false}
        onBlur={[Function]}
        onClick={[Function]}
        onContextMenu={[Function]}
        onFocus={[Function]}
        onKeyDown={[Function]}
        onKeyUp={[Function]}
        onMouseDown={[Function]}
        onMouseLeave={[Function]}
        onMouseUp={[Function]}
        onTouchEnd={[Function]}
        onTouchMove={[Function]}
        onTouchStart={[Function]}
        tabIndex="0"
        type="button"
      >
        <span
          className="MuiButton-label-162"
        >
          Sign in with Blockstack
        </span>
        <span
          className="MuiTouchRipple-root-199"
        />
      </button>
    </div>
  </div>
  <div
    className="MuiGrid-item-2 MuiGrid-grid-xs-6-35"
  >
    <div
      className="MuiPaper-root-134 MuiPaper-elevation1-137 MuiPaper-rounded-135"
    >
      <h6
        className="MuiTypography-root-98 MuiTypography-subtitle2-117"
      >
        <svg
          aria-hidden="true"
          className="MuiSvgIcon-root-190"
          focusable="false"
          role="presentation"
          viewBox="0 0 24 24"
        >
          <defs>
            <path
              d="M0 0h24v24H0V0z"
              id="a"
            />
          </defs>
          <path
            d="M20 18c1.1 0 2-.9 2-2V6c0-1.1-.9-2-2-2H4c-1.1 0-2 .9-2 2v10c0 1.1.9 2 2 2H0v2h24v-2h-4zM4 6h16v10H4V6z"
          />
        </svg>
        Locally in your browser
      </h6>
      <span
        className="MuiTypography-root-98 MuiTypography-caption-108"
      >
        Your data will be stored temporarily and it be removed once you close your browser
      </span>
      <button
        className="MuiButtonBase-root-187 MuiButton-root-161 MuiButton-contained-172 MuiButton-containedSecondary-174 MuiButton-raised-175 MuiButton-raisedSecondary-177"
        disabled={false}
        onBlur={[Function]}
        onClick={[Function]}
        onContextMenu={[Function]}
        onFocus={[Function]}
        onKeyDown={[Function]}
        onKeyUp={[Function]}
        onMouseDown={[Function]}
        onMouseLeave={[Function]}
        onMouseUp={[Function]}
        onTouchEnd={[Function]}
        onTouchMove={[Function]}
        onTouchStart={[Function]}
        tabIndex="0"
        type="button"
      >
        <span
          className="MuiButton-label-162"
        >
          Take it for a test drive
        </span>
        <span
          className="MuiTouchRipple-root-199"
        />
      </button>
    </div>
  </div>
</div>
`;
