// Jest Snapshot v1, https://goo.gl/fbAQLP

exports[`LandingCard matches snapshot 1`] = `
<div
  className="MuiGrid-root MuiGrid-container"
>
  <h5
    className="MuiTypography-root MuiTypography-h5 MuiTypography-colorSecondary"
  >
    Where do you want to store your data?
  </h5>
  <div
    className="MuiGrid-root MuiGrid-item MuiGrid-grid-xs-6"
  >
    <div
      className="MuiPaper-root MuiPaper-elevation1 MuiPaper-rounded"
    >
      <h6
        className="MuiTypography-root MuiTypography-subtitle2"
      >
        Anywhere with blockstack
      </h6>
      <span
        className="MuiTypography-root MuiTypography-caption"
      >
        Keep your data encrypted and decentralized. Learn more about  
        <a
          href="https://blockstack.org/what-is-blockstack"
          rel="noopener noreferrer"
          target="_blank"
        >
          Blockstack
        </a>
      </span>
      <button
        className="MuiButtonBase-root MuiButton-root MuiButton-contained MuiButton-containedSecondary"
        disabled={false}
        onBlur={[Function]}
        onClick={[Function]}
        onDragLeave={[Function]}
        onFocus={[Function]}
        onKeyDown={[Function]}
        onKeyUp={[Function]}
        onMouseDown={[Function]}
        onMouseLeave={[Function]}
        onMouseUp={[Function]}
        onTouchEnd={[Function]}
        onTouchMove={[Function]}
        onTouchStart={[Function]}
        tabIndex={0}
        type="button"
      >
        <span
          className="MuiButton-label"
        >
          Sign in with Blockstack
        </span>
      </button>
    </div>
  </div>
  <div
    className="MuiGrid-root MuiGrid-item MuiGrid-grid-xs-6"
  >
    <div
      className="MuiPaper-root MuiPaper-elevation1 MuiPaper-rounded"
    >
      <h6
        className="MuiTypography-root MuiTypography-subtitle2"
      >
        <svg
          aria-hidden="true"
          className="MuiSvgIcon-root"
          focusable="false"
          role="presentation"
          viewBox="0 0 24 24"
        >
          <defs>
            <path
              d="M0 0h24v24H0V0z"
              id="a"
            />
          </defs>
          <path
            d="M20 18c1.1 0 2-.9 2-2V6c0-1.1-.9-2-2-2H4c-1.1 0-2 .9-2 2v10c0 1.1.9 2 2 2H0v2h24v-2h-4zM4 6h16v10H4V6z"
          />
        </svg>
        Locally in your browser
      </h6>
      <span
        className="MuiTypography-root MuiTypography-caption"
      >
        Your data will be stored temporarily and it be removed once you close your browser
      </span>
      <button
        className="MuiButtonBase-root MuiButton-root MuiButton-contained MuiButton-containedSecondary"
        disabled={false}
        onBlur={[Function]}
        onClick={[Function]}
        onDragLeave={[Function]}
        onFocus={[Function]}
        onKeyDown={[Function]}
        onKeyUp={[Function]}
        onMouseDown={[Function]}
        onMouseLeave={[Function]}
        onMouseUp={[Function]}
        onTouchEnd={[Function]}
        onTouchMove={[Function]}
        onTouchStart={[Function]}
        tabIndex={0}
        type="button"
      >
        <span
          className="MuiButton-label"
        >
          Take it for a test drive
        </span>
      </button>
    </div>
  </div>
</div>
`;
