// Jest Snapshot v1, https://goo.gl/fbAQLP

exports[`Taxes matches snapshot 1`] = `
"<div className={[undefined]}>
  <WithStyles(Header) />
  <WithStyles(Grid) container={true} spacing={0}>
    <WithStyles(Grid) item={true} xs={10}>
      <WithStyles(Paper) className=\\"undefined undefined\\">
        <WithStyles(Typography) variant=\\"headline\\" gutterBottom={true} align=\\"center\\">
          Taxes for 
          Ontario
           
          2017
        </WithStyles(Typography)>
        <WrappedComponent country=\\"Canada\\" year={2017} region=\\"Ontario\\" income={90000} rrsp={10000} taxBeforeCredits={20282.9731} windowResizeDebounceTime={300} />
      </WithStyles(Paper)>
    </WithStyles(Grid)>
    <WithStyles(Grid) item={true} xs={2}>
      <WithStyles(Paper) className={[undefined]}>
        <WithStyles(FormControl) fullWidth={true} className={[undefined]}>
          <WithStyles(InputLabel) htmlFor=\\"income\\">
            Your income
          </WithStyles(InputLabel)>
          <WithStyles(Input) value={90000} onChange={[Function]} inputComponent={[Function: CurrencyFormat]} className={[undefined]} inputProps={{...}} />
        </WithStyles(FormControl)>
      </WithStyles(Paper)>
      <WithStyles(Paper) className={[undefined]}>
        <WithStyles(Typography) variant=\\"subheading\\">
          Tax credits
        </WithStyles(Typography)>
        <WithStyles(FormControl) fullWidth={true} className={[undefined]}>
          <WithStyles(InputLabel) htmlFor=\\"rrsp\\">
            RRSP contribution
          </WithStyles(InputLabel)>
          <WithStyles(Input) name=\\"rrsp\\" value={10000} onChange={[Function]} inputComponent={[Function: CurrencyFormat]} className={{...}} inputProps={{...}} />
        </WithStyles(FormControl)>
      </WithStyles(Paper)>
      <WithStyles(Paper) className={[undefined]}>
        <WithStyles(Typography)>
          <strong>
            Taxable income:
          </strong>
           
          CA$80,000.00
        </WithStyles(Typography)>
        <WithStyles(Typography)>
          <strong>
            Tax amount:
          </strong>
           
          CA$17,205.49
        </WithStyles(Typography)>
        <WithStyles(Typography)>
          <strong>
            Marginal Tax Rate:
          </strong>
           
          29.65%
        </WithStyles(Typography)>
        <WithStyles(Typography)>
          <strong>
            Average Tax Rate:
          </strong>
           
          21.51%
        </WithStyles(Typography)>
      </WithStyles(Paper)>
    </WithStyles(Grid)>
  </WithStyles(Grid)>
</div>"
`;
