// Jest Snapshot v1, https://goo.gl/fbAQLP

exports[`CsvImportForm matches snapshot for BMO 1`] = `
<form
  onSubmit={[Function]}
>
  <div>
    <div
      className="CsvDropzone-root-1"
      onBlur={[Function]}
      onClick={[Function]}
      onDragEnter={[Function]}
      onDragLeave={[Function]}
      onDragOver={[Function]}
      onDrop={[Function]}
      onFocus={[Function]}
      onKeyDown={[Function]}
      tabIndex={0}
    >
      <input
        autoComplete="off"
        multiple={false}
        onChange={[Function]}
        onClick={[Function]}
        style={
          Object {
            "display": "none",
          }
        }
        tabIndex={-1}
        type="file"
      />
      <div>
        <h4
          className="MuiTypography-root MuiTypography-h4 MuiTypography-colorTextSecondary MuiTypography-alignCenter"
        >
          Drag a CSV file here
        </h4>
        <h6
          className="MuiTypography-root MuiTypography-subtitle2 MuiTypography-colorTextSecondary MuiTypography-alignCenter"
        >
          or click to select a file to upload.
        </h6>
      </div>
    </div>
  </div>
  <hr
    className="MuiDivider-root"
  />
  <div>
    <div>
      <button
        className="MuiButtonBase-root MuiButton-root MuiButton-contained MuiButton-containedPrimary Mui-disabled Mui-disabled"
        disabled={true}
        onBlur={[Function]}
        onDragLeave={[Function]}
        onFocus={[Function]}
        onKeyDown={[Function]}
        onKeyUp={[Function]}
        onMouseDown={[Function]}
        onMouseLeave={[Function]}
        onMouseUp={[Function]}
        onTouchEnd={[Function]}
        onTouchMove={[Function]}
        onTouchStart={[Function]}
        tabIndex={-1}
        type="submit"
      >
        <span
          className="MuiButton-label"
        >
          Import
        </span>
      </button>
    </div>
    <button
      className="MuiButtonBase-root MuiButton-root MuiButton-text MuiButton-textSecondary"
      disabled={false}
      onBlur={[Function]}
      onClick={[MockFunction]}
      onDragLeave={[Function]}
      onFocus={[Function]}
      onKeyDown={[Function]}
      onKeyUp={[Function]}
      onMouseDown={[Function]}
      onMouseLeave={[Function]}
      onMouseUp={[Function]}
      onTouchEnd={[Function]}
      onTouchMove={[Function]}
      onTouchStart={[Function]}
      tabIndex={0}
      type="button"
    >
      <span
        className="MuiButton-label"
      >
        Cancel
      </span>
    </button>
  </div>
</form>
`;
