// Jest Snapshot v1, https://goo.gl/fbAQLP

exports[`CsvImportForm matches snapshot for BMO 1`] = `
<form
  onSubmit={[Function]}
>
  <div>
    <div
      aria-disabled={false}
      className="CsvDropzone-root-1"
      onClick={[Function]}
      onDragEnter={[Function]}
      onDragLeave={[Function]}
      onDragOver={[Function]}
      onDragStart={[Function]}
      onDrop={[Function]}
      style={
        Object {
          "position": "relative",
        }
      }
    >
      <div>
        <div>
          <h4
            className="MuiTypography-root-3 MuiTypography-h4-18 MuiTypography-colorTextSecondary-36 MuiTypography-alignCenter-26"
          >
            Drag a CSV file here
          </h4>
          <h6
            className="MuiTypography-root-3 MuiTypography-subtitle2-22 MuiTypography-colorTextSecondary-36 MuiTypography-alignCenter-26"
          >
            or click to select a file to upload.
          </h6>
        </div>
      </div>
      <input
        autoComplete="off"
        disabled={false}
        multiple={false}
        onChange={[Function]}
        style={
          Object {
            "bottom": 0,
            "left": 0,
            "opacity": 0.00001,
            "pointerEvents": "none",
            "position": "absolute",
            "right": 0,
            "top": 0,
          }
        }
        type="file"
      />
    </div>
  </div>
  <hr
    className="MuiDivider-root-38"
  />
  <div>
    <div>
      <button
        className="MuiButtonBase-root-69 MuiButtonBase-disabled-70 MuiButton-root-43 MuiButton-contained-54 MuiButton-containedPrimary-55 MuiButton-raised-57 MuiButton-raisedPrimary-58 MuiButton-disabled-63"
        disabled={true}
        onBlur={[Function]}
        onContextMenu={[Function]}
        onFocus={[Function]}
        onKeyDown={[Function]}
        onKeyUp={[Function]}
        onMouseDown={[Function]}
        onMouseLeave={[Function]}
        onMouseUp={[Function]}
        onTouchEnd={[Function]}
        onTouchMove={[Function]}
        onTouchStart={[Function]}
        tabIndex="-1"
        type="submit"
      >
        <span
          className="MuiButton-label-44"
        >
          Import
        </span>
      </button>
    </div>
    <button
      className="MuiButtonBase-root-69 MuiButton-root-43 MuiButton-text-45 MuiButton-textSecondary-47 MuiButton-flat-48 MuiButton-flatSecondary-50"
      disabled={false}
      onBlur={[Function]}
      onClick={[MockFunction]}
      onContextMenu={[Function]}
      onFocus={[Function]}
      onKeyDown={[Function]}
      onKeyUp={[Function]}
      onMouseDown={[Function]}
      onMouseLeave={[Function]}
      onMouseUp={[Function]}
      onTouchEnd={[Function]}
      onTouchMove={[Function]}
      onTouchStart={[Function]}
      tabIndex="0"
      type="button"
    >
      <span
        className="MuiButton-label-44"
      >
        Cancel
      </span>
      <span
        className="MuiTouchRipple-root-72"
      />
    </button>
  </div>
</form>
`;
