// Jest Snapshot v1, https://goo.gl/fbAQLP

exports[`Routes snapshot matches with no accounts 1`] = `
<div>
  <div
    className="MuiGrid-root makeStyles-root-1 MuiGrid-container"
  >
    <div
      className="MuiGrid-root makeStyles-leftLevel1-2 MuiGrid-item MuiGrid-grid-xs-6"
    >
      <div
        className="makeStyles-logoLevel1-4"
      >
        Entaxy
        <div
          className="makeStyles-taglineLevel1-5"
        >
          Order from chaos
        </div>
      </div>
      <div
        className="makeStyles-titleLevel1-6"
      >
        Insight into your finances, without sacrificing your data
      </div>
      <div
        className="MuiGrid-root MuiGrid-container"
      >
        <div
          className="MuiGrid-root MuiGrid-item MuiGrid-grid-xs-6"
        >
          <div
            className="MuiPaper-root MuiPaper-elevation1 LandingCardComponent-loggedOutContainer-131 MuiPaper-rounded"
          >
            <button
              className="MuiButtonBase-root MuiButton-root LandingCardComponent-signinButton-133 MuiButton-contained MuiButton-containedSecondary"
              data-testid="signinWithBlockstackButton"
              disabled={false}
              onBlur={[Function]}
              onClick={[Function]}
              onDragLeave={[Function]}
              onFocus={[Function]}
              onKeyDown={[Function]}
              onKeyUp={[Function]}
              onMouseDown={[Function]}
              onMouseLeave={[Function]}
              onMouseUp={[Function]}
              onTouchEnd={[Function]}
              onTouchMove={[Function]}
              onTouchStart={[Function]}
              tabIndex={0}
              type="button"
            >
              <span
                className="MuiButton-label"
              >
                Sign in with Blockstack
              </span>
            </button>
            <span
              className="MuiTypography-root LandingCardComponent-signingDescription-132 MuiTypography-caption MuiTypography-alignCenter"
            >
              Keep your data encrypted and decentralized. Learn more about  
              <span
                className="LandingCardComponent-blockstackTitle-134"
              >
                <a
                  href="https://blockstack.org/what-is-blockstack"
                  rel="noopener noreferrer"
                  target="_blank"
                >
                  Blockstack
                </a>
              </span>
            </span>
          </div>
        </div>
        <div
          className="MuiGrid-root MuiGrid-item MuiGrid-grid-xs-6"
        >
          <div
            className="MuiPaper-root MuiPaper-elevation1 LandingCardComponent-loggedOutContainer-131 MuiPaper-rounded"
          >
            <button
              className="MuiButtonBase-root MuiButton-root LandingCardComponent-signinButton-133 MuiButton-contained MuiButton-containedSecondary"
              data-testid="signinAsGuestButton"
              disabled={false}
              onBlur={[Function]}
              onClick={[Function]}
              onDragLeave={[Function]}
              onFocus={[Function]}
              onKeyDown={[Function]}
              onKeyUp={[Function]}
              onMouseDown={[Function]}
              onMouseLeave={[Function]}
              onMouseUp={[Function]}
              onTouchEnd={[Function]}
              onTouchMove={[Function]}
              onTouchStart={[Function]}
              tabIndex={0}
              type="button"
            >
              <span
                className="MuiButton-label"
              >
                Don't sign in yet
              </span>
            </button>
            <span
              className="MuiTypography-root LandingCardComponent-signingDescription-132 MuiTypography-caption"
            >
              You can use the app fully but your data will not be stored.
              <br />
              Single session
            </span>
          </div>
        </div>
      </div>
    </div>
    <div
      className="MuiGrid-root makeStyles-rightLevel1-3 MuiGrid-item MuiGrid-grid-xs-6"
    />
    <div
      className="MuiGrid-root makeStyles-leftLevel2-7 MuiGrid-item MuiGrid-grid-xs-6"
    >
      <h5
        className="MuiTypography-root makeStyles-titleLevel2-10 MuiTypography-h5"
      >
        All your accounts
      </h5>
      <img
        alt="Your Accounts backgoround"
        className="makeStyles-backgroundImageLevel2-9"
        src="2.1.png"
      />
    </div>
    <div
      className="MuiGrid-root makeStyles-rightLevel2-8 MuiGrid-item MuiGrid-grid-xs-6"
    >
      <h5
        className="MuiTypography-root makeStyles-tagLineLevel2-11 MuiTypography-h5 MuiTypography-alignRight"
      >
        in one place
      </h5>
      <div
        className="MuiPaper-root MuiPaper-elevation1 makeStyles-screenshotLevel2-12 MuiPaper-rounded"
      >
        <img
          alt="Your Accounts"
          src="2.0.png"
          width="100%"
        />
      </div>
    </div>
    <div
      className="MuiGrid-root MuiGrid-item MuiGrid-grid-xs-6"
    >
      <h5
        className="MuiTypography-root makeStyles-titleLevel3-14 MuiTypography-h5"
      >
        Your financial data
      </h5>
      <div
        className="MuiPaper-root MuiPaper-elevation1 makeStyles-screenshotLevel3-16 MuiPaper-rounded"
      >
        <img
          alt="Your Transactions"
          src="3.0.png"
          width="100%"
        />
      </div>
    </div>
    <div
      className="MuiGrid-root makeStyles-rightLevel3-13 MuiGrid-item MuiGrid-grid-xs-6"
    >
      <h5
        className="MuiTypography-root makeStyles-tagLineLevel3-15 MuiTypography-h5 MuiTypography-alignRight"
      >
        owned by you
      </h5>
    </div>
    <div
      className="MuiGrid-root makeStyles-leftLevel4-17 MuiGrid-item MuiGrid-grid-xs-6"
    >
      <h5
        className="MuiTypography-root makeStyles-titleLeftLevel4-20 MuiTypography-h5"
      >
        Budget
      </h5>
    </div>
    <div
      className="MuiGrid-root makeStyles-rightLevel4-18 MuiGrid-item MuiGrid-grid-xs-6"
    >
      <h5
        className="MuiTypography-root makeStyles-tagLineLevel4-21 MuiTypography-h5 MuiTypography-alignRight"
      >
        in a way that works for you
      </h5>
      <div
        className="MuiPaper-root MuiPaper-elevation1 makeStyles-screenshotLevel4-22 MuiPaper-rounded"
      >
        <img
          alt="Budget the way you like"
          src="4.0.png"
          width="100%"
        />
      </div>
    </div>
    <div
      className="MuiGrid-root MuiGrid-item MuiGrid-grid-xs-6"
    >
      <h5
        className="MuiTypography-root makeStyles-titleLevel5-23 MuiTypography-h5"
      >
        Visualize your data
      </h5>
      <div
        className="MuiPaper-root MuiPaper-elevation1 makeStyles-screenshotLevel5-26 MuiPaper-rounded"
      >
        <img
          alt="Learn from your data"
          src="5.0.png"
          width="100%"
        />
      </div>
      <img
        alt="Woman drawing"
        className="makeStyles-backgroundImageLevel5-27"
        src="5.1.png"
        width="100%"
      />
    </div>
    <div
      className="MuiGrid-root makeStyles-rightLevel5-25 MuiGrid-item MuiGrid-grid-xs-6"
    >
      <h5
        className="MuiTypography-root makeStyles-tagLineLevel5-24 MuiTypography-h5"
      >
        and learn from it
      </h5>
    </div>
  </div>
</div>
`;
