// Jest Snapshot v1, https://goo.gl/fbAQLP

exports[`BudgetIndex matches snapshot with no accounts 1`] = `
"<Provider store={{...}}>
  <BudgetIndex>
    <WithStyles(ForwardRef(Container)) className=\\"makeStyles-root-1\\">
      <ForwardRef(Container) classes={{...}} className=\\"makeStyles-root-1\\">
        <div className=\\"MuiContainer-root makeStyles-root-1 MuiContainer-maxWidthLg\\">
          <WithStyles(ForwardRef(Grid)) container={true} spacing={3}>
            <ForwardRef(Grid) classes={{...}} container={true} spacing={3}>
              <div className=\\"MuiGrid-root MuiGrid-container MuiGrid-spacing-xs-3\\">
                <WithStyles(ForwardRef(Grid)) item={true} xs={12}>
                  <ForwardRef(Grid) classes={{...}} item={true} xs={12}>
                    <div className=\\"MuiGrid-root MuiGrid-item MuiGrid-grid-xs-12\\">
                      <WithStyles(ForwardRef(Typography)) variant=\\"h5\\" className=\\"makeStyles-chartTitle-3\\">
                        <ForwardRef(Typography) classes={{...}} variant=\\"h5\\" className=\\"makeStyles-chartTitle-3\\">
                          <h5 className=\\"MuiTypography-root makeStyles-chartTitle-3 MuiTypography-h5\\">
                            Budget history
                          </h5>
                        </ForwardRef(Typography)>
                      </WithStyles(ForwardRef(Typography))>
                      <WithStyles(ForwardRef(Paper)) className=\\"makeStyles-budgetChart-2\\">
                        <ForwardRef(Paper) classes={{...}} className=\\"makeStyles-budgetChart-2\\">
                          <div className=\\"MuiPaper-root MuiPaper-elevation1 makeStyles-budgetChart-2 MuiPaper-rounded\\">
                            <WithStyles(ForwardRef(Typography))>
                              <ForwardRef(Typography) classes={{...}}>
                                <p className=\\"MuiTypography-root MuiTypography-body1\\">
                                  Not enough data to generate chart
                                </p>
                              </ForwardRef(Typography)>
                            </WithStyles(ForwardRef(Typography))>
                          </div>
                        </ForwardRef(Paper)>
                      </WithStyles(ForwardRef(Paper))>
                    </div>
                  </ForwardRef(Grid)>
                </WithStyles(ForwardRef(Grid))>
              </div>
            </ForwardRef(Grid)>
          </WithStyles(ForwardRef(Grid))>
        </div>
      </ForwardRef(Container)>
    </WithStyles(ForwardRef(Container))>
  </BudgetIndex>
</Provider>"
`;
