// Jest Snapshot v1, https://goo.gl/fbAQLP

exports[`CsvImportForm matches snapshot for BMO 1`] = `
<form
  onSubmit={[Function]}
>
  <div
    className="WithFormik-CsvImportForm--root-1"
  >
    <div
      className="CsvImportFields-root-7"
    >
      <p
        className="MuiTypography-root-9 MuiTypography-body1-18 MuiTypography-gutterBottom-36"
      >
        Fill out the following field
      </p>
      <div
        className="MuiFormControl-root-44 CsvImportFields-textField-8"
      >
        <label
          className="MuiFormLabel-root-59 MuiInputLabel-root-48 MuiInputLabel-formControl-53 MuiInputLabel-animated-56"
          data-shrink={false}
        >
          Currency
        </label>
        <div
          className="MuiInputBase-root-79 MuiInput-root-66 MuiInput-underline-70 MuiInputBase-formControl-80 MuiInput-formControl-67"
          onClick={[Function]}
        >
          <input
            aria-invalid={false}
            aria-label="Currency"
            className="MuiInputBase-input-89 MuiInput-input-74"
            disabled={false}
            maxLength={6}
            name="ticker"
            onBlur={[Function]}
            onChange={[Function]}
            onFocus={[Function]}
            required={true}
            type="text"
            value=""
          />
        </div>
      </div>
    </div>
    <div
      aria-disabled={false}
      className="CsvDropzone-root-96"
      onClick={[Function]}
      onDragEnter={[Function]}
      onDragLeave={[Function]}
      onDragOver={[Function]}
      onDragStart={[Function]}
      onDrop={[Function]}
      style={
        Object {
          "position": "relative",
        }
      }
    >
      <div>
        <div>
          <h4
            className="MuiTypography-root-9 MuiTypography-h4-24 MuiTypography-colorTextSecondary-42 MuiTypography-alignCenter-32"
          >
            Drag a CSV file here
          </h4>
          <h6
            className="MuiTypography-root-9 MuiTypography-subtitle2-28 MuiTypography-colorTextSecondary-42 MuiTypography-alignCenter-32"
          >
            or click to select a file to upload.
          </h6>
        </div>
      </div>
      <input
        autoComplete="off"
        disabled={false}
        multiple={false}
        onChange={[Function]}
        style={
          Object {
            "bottom": 0,
            "left": 0,
            "opacity": 0.00001,
            "pointerEvents": "none",
            "position": "absolute",
            "right": 0,
            "top": 0,
          }
        }
        type="file"
      />
    </div>
  </div>
  <hr
    className="MuiDivider-root-98"
  />
  <div
    className="WithFormik-CsvImportForm--formActions-3"
  >
    <div
      className="WithFormik-CsvImportForm--wrapper-4"
    >
      <button
        className="MuiButtonBase-root-129 MuiButtonBase-disabled-130 MuiButton-root-103 MuiButton-contained-114 MuiButton-containedPrimary-115 MuiButton-raised-117 MuiButton-raisedPrimary-118 MuiButton-disabled-123"
        disabled={true}
        onBlur={[Function]}
        onContextMenu={[Function]}
        onFocus={[Function]}
        onKeyDown={[Function]}
        onKeyUp={[Function]}
        onMouseDown={[Function]}
        onMouseLeave={[Function]}
        onMouseUp={[Function]}
        onTouchEnd={[Function]}
        onTouchMove={[Function]}
        onTouchStart={[Function]}
        tabIndex="-1"
        type="submit"
      >
        <span
          className="MuiButton-label-104"
        >
          Import
        </span>
      </button>
    </div>
    <button
      className="MuiButtonBase-root-129 MuiButton-root-103 MuiButton-text-105 MuiButton-textSecondary-107 MuiButton-flat-108 MuiButton-flatSecondary-110"
      disabled={false}
      onBlur={[Function]}
      onClick={[MockFunction]}
      onContextMenu={[Function]}
      onFocus={[Function]}
      onKeyDown={[Function]}
      onKeyUp={[Function]}
      onMouseDown={[Function]}
      onMouseLeave={[Function]}
      onMouseUp={[Function]}
      onTouchEnd={[Function]}
      onTouchMove={[Function]}
      onTouchStart={[Function]}
      tabIndex="0"
      type="button"
    >
      <span
        className="MuiButton-label-104"
      >
        Cancel
      </span>
      <span
        className="MuiTouchRipple-root-132"
      />
    </button>
  </div>
</form>
`;
