// Jest Snapshot v1, https://goo.gl/fbAQLP

exports[`Import Transactions matches snapshot 1`] = `
<div>
  <div>
    <Header />
    <h5
      className="MuiTypography-root-1 MuiTypography-h5-17 MuiTypography-alignCenter-24"
    >
      Import transactions
    </h5>
    <div>
      <p
        className="MuiTypography-root-1 MuiTypography-body1-10 MuiTypography-alignCenter-24"
      >
        Select an institution
      </p>
      <div>
        <div>
          <div
            className="MuiPaper-root-37 MuiPaper-elevation1-40 MuiPaper-rounded-38 MuiCard-root-36"
          >
            <div
              className="MuiCardHeader-root-64 undefined undefined"
            >
              <div
                className="MuiCardHeader-content-67"
              >
                <span
                  className="MuiTypography-root-1 MuiTypography-headline-6 MuiCardHeader-title-68"
                >
                  RBC
                </span>
                <span
                  className="MuiTypography-root-1 MuiTypography-body1-10 MuiTypography-colorTextSecondary-34 MuiCardHeader-subheader-69"
                >
                  Royal Bank
                </span>
              </div>
              <div
                className="MuiCardHeader-action-66"
              >
                <button
                  className="MuiButtonBase-root-76 MuiIconButton-root-70"
                  disabled={false}
                  onBlur={[Function]}
                  onClick={[Function]}
                  onContextMenu={[Function]}
                  onFocus={[Function]}
                  onKeyDown={[Function]}
                  onKeyUp={[Function]}
                  onMouseDown={[Function]}
                  onMouseLeave={[Function]}
                  onMouseUp={[Function]}
                  onTouchEnd={[Function]}
                  onTouchMove={[Function]}
                  onTouchStart={[Function]}
                  tabIndex="0"
                  type="button"
                >
                  <span
                    className="MuiIconButton-label-75"
                  >
                    <svg
                      aria-hidden="true"
                      className="MuiSvgIcon-root-79"
                      focusable="false"
                      role="presentation"
                      viewBox="0 0 24 24"
                    >
                      <path
                        d="M0 0h24v24H0z"
                        fill="none"
                      />
                      <path
                        d="M12 8c1.1 0 2-.9 2-2s-.9-2-2-2-2 .9-2 2 .9 2 2 2zm0 2c-1.1 0-2 .9-2 2s.9 2 2 2 2-.9 2-2-.9-2-2-2zm0 6c-1.1 0-2 .9-2 2s.9 2 2 2 2-.9 2-2-.9-2-2-2z"
                      />
                    </svg>
                  </span>
                  <span
                    className="MuiTouchRipple-root-88"
                  />
                </button>
              </div>
            </div>
          </div>
        </div>
        <div>
          <div
            className="MuiPaper-root-37 MuiPaper-elevation1-40 MuiPaper-rounded-38 MuiCard-root-36"
          >
            <div
              className="MuiCardHeader-root-64 undefined undefined"
            >
              <div
                className="MuiCardHeader-content-67"
              >
                <span
                  className="MuiTypography-root-1 MuiTypography-headline-6 MuiCardHeader-title-68"
                >
                  BMO
                </span>
                <span
                  className="MuiTypography-root-1 MuiTypography-body1-10 MuiTypography-colorTextSecondary-34 MuiCardHeader-subheader-69"
                >
                  Bank of Montreal
                </span>
              </div>
              <div
                className="MuiCardHeader-action-66"
              >
                <button
                  className="MuiButtonBase-root-76 MuiIconButton-root-70"
                  disabled={false}
                  onBlur={[Function]}
                  onClick={[Function]}
                  onContextMenu={[Function]}
                  onFocus={[Function]}
                  onKeyDown={[Function]}
                  onKeyUp={[Function]}
                  onMouseDown={[Function]}
                  onMouseLeave={[Function]}
                  onMouseUp={[Function]}
                  onTouchEnd={[Function]}
                  onTouchMove={[Function]}
                  onTouchStart={[Function]}
                  tabIndex="0"
                  type="button"
                >
                  <span
                    className="MuiIconButton-label-75"
                  >
                    <svg
                      aria-hidden="true"
                      className="MuiSvgIcon-root-79"
                      focusable="false"
                      role="presentation"
                      viewBox="0 0 24 24"
                    >
                      <path
                        d="M0 0h24v24H0z"
                        fill="none"
                      />
                      <path
                        d="M12 8c1.1 0 2-.9 2-2s-.9-2-2-2-2 .9-2 2 .9 2 2 2zm0 2c-1.1 0-2 .9-2 2s.9 2 2 2 2-.9 2-2-.9-2-2-2zm0 6c-1.1 0-2 .9-2 2s.9 2 2 2 2-.9 2-2-.9-2-2-2z"
                      />
                    </svg>
                  </span>
                  <span
                    className="MuiTouchRipple-root-88"
                  />
                </button>
              </div>
            </div>
          </div>
        </div>
        <div>
          <div
            className="MuiPaper-root-37 MuiPaper-elevation1-40 MuiPaper-rounded-38 MuiCard-root-36"
          >
            <div
              className="MuiCardHeader-root-64 undefined undefined"
            >
              <div
                className="MuiCardHeader-content-67"
              >
                <span
                  className="MuiTypography-root-1 MuiTypography-headline-6 MuiCardHeader-title-68"
                >
                  TD
                </span>
                <span
                  className="MuiTypography-root-1 MuiTypography-body1-10 MuiTypography-colorTextSecondary-34 MuiCardHeader-subheader-69"
                >
                  TD Canada Trust
                </span>
              </div>
              <div
                className="MuiCardHeader-action-66"
              >
                <button
                  className="MuiButtonBase-root-76 MuiIconButton-root-70"
                  disabled={false}
                  onBlur={[Function]}
                  onClick={[Function]}
                  onContextMenu={[Function]}
                  onFocus={[Function]}
                  onKeyDown={[Function]}
                  onKeyUp={[Function]}
                  onMouseDown={[Function]}
                  onMouseLeave={[Function]}
                  onMouseUp={[Function]}
                  onTouchEnd={[Function]}
                  onTouchMove={[Function]}
                  onTouchStart={[Function]}
                  tabIndex="0"
                  type="button"
                >
                  <span
                    className="MuiIconButton-label-75"
                  >
                    <svg
                      aria-hidden="true"
                      className="MuiSvgIcon-root-79"
                      focusable="false"
                      role="presentation"
                      viewBox="0 0 24 24"
                    >
                      <path
                        d="M0 0h24v24H0z"
                        fill="none"
                      />
                      <path
                        d="M12 8c1.1 0 2-.9 2-2s-.9-2-2-2-2 .9-2 2 .9 2 2 2zm0 2c-1.1 0-2 .9-2 2s.9 2 2 2 2-.9 2-2-.9-2-2-2zm0 6c-1.1 0-2 .9-2 2s.9 2 2 2 2-.9 2-2-.9-2-2-2z"
                      />
                    </svg>
                  </span>
                  <span
                    className="MuiTouchRipple-root-88"
                  />
                </button>
              </div>
            </div>
          </div>
        </div>
        <div>
          <div
            className="MuiPaper-root-37 MuiPaper-elevation1-40 MuiPaper-rounded-38 MuiCard-root-36"
          >
            <div
              className="MuiCardHeader-root-64 undefined undefined"
            >
              <div
                className="MuiCardHeader-content-67"
              >
                <span
                  className="MuiTypography-root-1 MuiTypography-headline-6 MuiCardHeader-title-68"
                >
                  Tangerine
                </span>
                <span
                  className="MuiTypography-root-1 MuiTypography-body1-10 MuiTypography-colorTextSecondary-34 MuiCardHeader-subheader-69"
                >
                  Personal Banking
                </span>
              </div>
              <div
                className="MuiCardHeader-action-66"
              >
                <button
                  className="MuiButtonBase-root-76 MuiIconButton-root-70"
                  disabled={false}
                  onBlur={[Function]}
                  onClick={[Function]}
                  onContextMenu={[Function]}
                  onFocus={[Function]}
                  onKeyDown={[Function]}
                  onKeyUp={[Function]}
                  onMouseDown={[Function]}
                  onMouseLeave={[Function]}
                  onMouseUp={[Function]}
                  onTouchEnd={[Function]}
                  onTouchMove={[Function]}
                  onTouchStart={[Function]}
                  tabIndex="0"
                  type="button"
                >
                  <span
                    className="MuiIconButton-label-75"
                  >
                    <svg
                      aria-hidden="true"
                      className="MuiSvgIcon-root-79"
                      focusable="false"
                      role="presentation"
                      viewBox="0 0 24 24"
                    >
                      <path
                        d="M0 0h24v24H0z"
                        fill="none"
                      />
                      <path
                        d="M12 8c1.1 0 2-.9 2-2s-.9-2-2-2-2 .9-2 2 .9 2 2 2zm0 2c-1.1 0-2 .9-2 2s.9 2 2 2 2-.9 2-2-.9-2-2-2zm0 6c-1.1 0-2 .9-2 2s.9 2 2 2 2-.9 2-2-.9-2-2-2z"
                      />
                    </svg>
                  </span>
                  <span
                    className="MuiTouchRipple-root-88"
                  />
                </button>
              </div>
            </div>
          </div>
        </div>
      </div>
    </div>
  </div>
</div>
`;
