// Jest Snapshot v1, https://goo.gl/fbAQLP

exports[`TopNav matches snapshot 1`] = `
<div>
  <a
    aria-current={null}
    className="MuiButtonBase-root-27 MuiButton-root-1 MuiButton-text-3 MuiButton-flat-6 MuiButton-sizeSmall-24 MuiButton-colorInherit-22"
    href="/portfolio"
    onBlur={[Function]}
    onClick={[Function]}
    onContextMenu={[Function]}
    onFocus={[Function]}
    onKeyDown={[Function]}
    onKeyUp={[Function]}
    onMouseDown={[Function]}
    onMouseLeave={[Function]}
    onMouseUp={[Function]}
    onTouchEnd={[Function]}
    onTouchMove={[Function]}
    onTouchStart={[Function]}
    role="button"
    tabIndex="0"
  >
    <span
      className="MuiButton-label-2"
    >
      Portfolio
    </span>
    <span
      className="MuiTouchRipple-root-30"
    />
  </a>
  <a
    aria-current={null}
    className="MuiButtonBase-root-27 MuiButton-root-1 MuiButton-text-3 MuiButton-flat-6 MuiButton-sizeSmall-24 MuiButton-colorInherit-22"
    href="/import-transactions"
    onBlur={[Function]}
    onClick={[Function]}
    onContextMenu={[Function]}
    onFocus={[Function]}
    onKeyDown={[Function]}
    onKeyUp={[Function]}
    onMouseDown={[Function]}
    onMouseLeave={[Function]}
    onMouseUp={[Function]}
    onTouchEnd={[Function]}
    onTouchMove={[Function]}
    onTouchStart={[Function]}
    role="button"
    tabIndex="0"
  >
    <span
      className="MuiButton-label-2"
    >
      Import Transactions
    </span>
    <span
      className="MuiTouchRipple-root-30"
    />
  </a>
</div>
`;
